=== STDOUT ===
[dotenv@17.3.1] injecting env (16) from .env -- tip: ⚙️  enable debug logging with { debug: true }
Testing Gemini API Configuration...
API Key: AIzaSyDnhGFYY-eo-Zvk...
Model: gemini-pro

Sending request to Gemini API...


=== STDERR ===
ERROR: Gemini API call failed
Status: 404
Error message: models/gemini-pro is not found for API version v1beta, or is not supported for generateContent. Call ListModels to see the list of available models and their supported methods.
Full error: {
  "error": {
    "code": 404,
    "message": "models/gemini-pro is not found for API version v1beta, or is not supported for generateContent. Call ListModels to see the list of available models and their supported methods.",
    "status": "NOT_FOUND"
  }
}
